<?xml version="1.0" encoding="UTF-8"?>
<TestRun id="13620271-3c1a-4355-bd65-5b518bb588db" name="Tony@TONY-W520 2011-11-18 11:52:33" runUser="TONY-W520\Tony" xmlns="http://microsoft.com/schemas/VisualStudio/TeamTest/2010">
  <TestSettings name="Local" id="9b4d995d-fd84-4ec8-8a52-82515a783bf1">
    <Description>These are default test settings for a local test run.</Description>
    <Deployment enabled="false" runDeploymentRoot="Tony_TONY-W520 2011-11-18 11_52_33">
      <DeploymentItem filename="D:\OASIS\_Build\TimeSeriesLibrary\TimeSeriesLibrary\bin\Debug\TimeSeriesLibrary.dll" />
    </Deployment>
    <Execution>
      <TestTypeSpecific />
      <AgentRule name="Execution Agents">
      </AgentRule>
    </Execution>
  </TestSettings>
  <Times creation="2011-11-18T11:52:33.2210113-08:00" queuing="2011-11-18T11:52:34.3650768-08:00" start="2011-11-18T11:52:34.5530875-08:00" finish="2011-11-18T11:55:37.6685611-08:00" />
  <ResultSummary outcome="Error">
    <Counters total="4" executed="2" error="0" failed="1" timeout="0" aborted="1" inconclusive="0" passedButRunAborted="0" notRunnable="0" notExecuted="2" disconnected="0" warning="0" passed="0" completed="0" inProgress="0" pending="0" />
    <RunInfos>
      <RunInfo computerName="TONY-W520" outcome="Error" timestamp="2011-11-18T11:55:37.6675611-08:00">
        <Text>Test host process exited unexpectedly.</Text>
      </RunInfo>
    </RunInfos>
  </ResultSummary>
  <TestDefinitions>
    <UnitTest name="ConvertToStruct1" storage="d:\oasis\_build\timeserieslibrary\timeserieslibrary\timeserieslibrary_test\bin\debug\timeserieslibrary_test.dll" id="f7938b3a-5bda-6739-7530-46718b400eb5">
      <Execution id="6c8a1727-47a3-4d84-9dd5-0b5bf7ec8014" />
      <TestMethod codeBase="D:/OASIS/_Build/TimeSeriesLibrary/TimeSeriesLibrary/TimeSeriesLibrary_Test/bin/Debug/TimeSeriesLibrary_Test.DLL" adapterTypeName="Microsoft.VisualStudio.TestTools.TestTypes.Unit.UnitTestAdapter, Microsoft.VisualStudio.QualityTools.Tips.UnitTest.Adapter, Version=10.0.0.0, Culture=neutral, PublicKeyToken=b03f5f7f11d50a3a" className="TimeSeriesLibrary_Test.TimeSeriesValueTest, TimeSeriesLibrary_Test, Version=1.0.0.0, Culture=neutral, PublicKeyToken=null" name="ConvertToStruct1" />
    </UnitTest>
    <UnitTest name="ConvertFromStruct1" storage="d:\oasis\_build\timeserieslibrary\timeserieslibrary\timeserieslibrary_test\bin\debug\timeserieslibrary_test.dll" id="c56a5212-b401-6703-cdbe-566fa83c116c">
      <Execution id="c9796c03-78b2-4eec-96dd-f8c8320251da" />
      <TestMethod codeBase="D:/OASIS/_Build/TimeSeriesLibrary/TimeSeriesLibrary/TimeSeriesLibrary_Test/bin/Debug/TimeSeriesLibrary_Test.DLL" adapterTypeName="Microsoft.VisualStudio.TestTools.TestTypes.Unit.UnitTestAdapter, Microsoft.VisualStudio.QualityTools.Tips.UnitTest.Adapter, Version=10.0.0.0, Culture=neutral, PublicKeyToken=b03f5f7f11d50a3a" className="TimeSeriesLibrary_Test.TimeSeriesValueTest, TimeSeriesLibrary_Test, Version=1.0.0.0, Culture=neutral, PublicKeyToken=null" name="ConvertFromStruct1" />
    </UnitTest>
    <UnitTest name="ConvertFromStruct2" storage="d:\oasis\_build\timeserieslibrary\timeserieslibrary\timeserieslibrary_test\bin\debug\timeserieslibrary_test.dll" id="7de86aa9-89fa-ba6c-ca41-eb9d58ae30fe">
      <Execution id="896f692d-4163-4ac6-84f4-769a4f1ae43d" />
      <TestMethod codeBase="D:/OASIS/_Build/TimeSeriesLibrary/TimeSeriesLibrary/TimeSeriesLibrary_Test/bin/Debug/TimeSeriesLibrary_Test.DLL" adapterTypeName="Microsoft.VisualStudio.TestTools.TestTypes.Unit.UnitTestAdapter, Microsoft.VisualStudio.QualityTools.Tips.UnitTest.Adapter, Version=10.0.0.0, Culture=neutral, PublicKeyToken=b03f5f7f11d50a3a" className="TimeSeriesLibrary_Test.TimeSeriesValueTest, TimeSeriesLibrary_Test, Version=1.0.0.0, Culture=neutral, PublicKeyToken=null" name="ConvertFromStruct2" />
    </UnitTest>
    <UnitTest name="ConvertToStruct2" storage="d:\oasis\_build\timeserieslibrary\timeserieslibrary\timeserieslibrary_test\bin\debug\timeserieslibrary_test.dll" id="03dc22af-dea8-c1c6-7cc5-2b1902cf5d94">
      <Execution id="455ffe06-f9ba-431e-a764-8b3b1fdce1ac" />
      <TestMethod codeBase="D:/OASIS/_Build/TimeSeriesLibrary/TimeSeriesLibrary/TimeSeriesLibrary_Test/bin/Debug/TimeSeriesLibrary_Test.DLL" adapterTypeName="Microsoft.VisualStudio.TestTools.TestTypes.Unit.UnitTestAdapter, Microsoft.VisualStudio.QualityTools.Tips.UnitTest.Adapter, Version=10.0.0.0, Culture=neutral, PublicKeyToken=b03f5f7f11d50a3a" className="TimeSeriesLibrary_Test.TimeSeriesValueTest, TimeSeriesLibrary_Test, Version=1.0.0.0, Culture=neutral, PublicKeyToken=null" name="ConvertToStruct2" />
    </UnitTest>
  </TestDefinitions>
  <TestLists>
    <TestList name="Results Not in a List" id="8c84fa94-04c1-424b-9868-57a2d4851a1d" />
    <TestList name="All Loaded Results" id="19431567-8539-422a-85d7-44ee4e166bda" />
  </TestLists>
  <TestEntries>
    <TestEntry testId="f7938b3a-5bda-6739-7530-46718b400eb5" executionId="6c8a1727-47a3-4d84-9dd5-0b5bf7ec8014" testListId="8c84fa94-04c1-424b-9868-57a2d4851a1d" />
    <TestEntry testId="03dc22af-dea8-c1c6-7cc5-2b1902cf5d94" executionId="455ffe06-f9ba-431e-a764-8b3b1fdce1ac" testListId="8c84fa94-04c1-424b-9868-57a2d4851a1d" />
    <TestEntry testId="c56a5212-b401-6703-cdbe-566fa83c116c" executionId="c9796c03-78b2-4eec-96dd-f8c8320251da" testListId="8c84fa94-04c1-424b-9868-57a2d4851a1d" />
    <TestEntry testId="7de86aa9-89fa-ba6c-ca41-eb9d58ae30fe" executionId="896f692d-4163-4ac6-84f4-769a4f1ae43d" testListId="8c84fa94-04c1-424b-9868-57a2d4851a1d" />
  </TestEntries>
  <Results>
    <UnitTestResult executionId="6c8a1727-47a3-4d84-9dd5-0b5bf7ec8014" testId="f7938b3a-5bda-6739-7530-46718b400eb5" testName="ConvertToStruct1" computerName="TONY-W520" duration="00:00:21.8278649" startTime="2011-11-18T11:52:34.7220972-08:00" endTime="2011-11-18T11:52:57.7284131-08:00" testType="13cdc9d9-ddb5-4fa4-a97d-d965ccfc6d4b" outcome="Failed" testListId="8c84fa94-04c1-424b-9868-57a2d4851a1d" relativeResultsDirectory="6c8a1727-47a3-4d84-9dd5-0b5bf7ec8014">
      <Output>
        <ErrorInfo>
          <Message>Assert.AreEqual failed. Expected:&lt;TimeSeriesLibrary.TimeSeriesValue&gt;. Actual:&lt;TimeSeriesLibrary.TimeSeriesValue&gt;. </Message>
          <StackTrace>   at TimeSeriesLibrary_Test.TimeSeriesValueTest.ConvertToStruct1() in D:\OASIS\_Build\TimeSeriesLibrary\TimeSeriesLibrary\TimeSeriesLibrary_Test\TimeSeriesValueTest.cs:line 82
</StackTrace>
        </ErrorInfo>
      </Output>
    </UnitTestResult>
    <UnitTestResult executionId="455ffe06-f9ba-431e-a764-8b3b1fdce1ac" testId="03dc22af-dea8-c1c6-7cc5-2b1902cf5d94" testName="ConvertToStruct2" computerName="TONY-W520" duration="00:02:39.9351477" startTime="2011-11-18T11:52:57.7334134-08:00" endTime="2011-11-18T11:55:37.6685611-08:00" testType="13cdc9d9-ddb5-4fa4-a97d-d965ccfc6d4b" outcome="Aborted" testListId="8c84fa94-04c1-424b-9868-57a2d4851a1d" relativeResultsDirectory="455ffe06-f9ba-431e-a764-8b3b1fdce1ac">
    </UnitTestResult>
    <UnitTestResult executionId="c9796c03-78b2-4eec-96dd-f8c8320251da" testId="c56a5212-b401-6703-cdbe-566fa83c116c" testName="ConvertFromStruct1" computerName="TONY-W520" testType="13cdc9d9-ddb5-4fa4-a97d-d965ccfc6d4b" outcome="NotExecuted" testListId="8c84fa94-04c1-424b-9868-57a2d4851a1d" relativeResultsDirectory="c9796c03-78b2-4eec-96dd-f8c8320251da">
    </UnitTestResult>
    <UnitTestResult executionId="896f692d-4163-4ac6-84f4-769a4f1ae43d" testId="7de86aa9-89fa-ba6c-ca41-eb9d58ae30fe" testName="ConvertFromStruct2" computerName="TONY-W520" testType="13cdc9d9-ddb5-4fa4-a97d-d965ccfc6d4b" outcome="NotExecuted" testListId="8c84fa94-04c1-424b-9868-57a2d4851a1d" relativeResultsDirectory="896f692d-4163-4ac6-84f4-769a4f1ae43d">
    </UnitTestResult>
  </Results>
</TestRun>